mysql> SHOW DATABASES;
ERROR 2013 (HY000): Lost connection to MySQL server during query
mysql> SHOW DATABASES;
ERROR 2006 (HY000): MySQL server has gone away
No connection. Trying to reconnect...
Connection id:    3
Current database: *** NONE ***

+--------------------+
| Database           |
+--------------------+
| information_schema |
| eshop              |
| mydb1              |
| mysql              |
| performance_schema |
| sys                |
| wall               |
| wordpress          |
+--------------------+
8 rows in set (0.09 sec)

mysql> USE mydb1;
No connection. Trying to reconnect...
Connection id:    4
Current database: *** NONE ***

Database changed
mysql> DELETE FROM tb1
    -> WHERE title = 'user';
Query OK, 3 rows affected (0.03 sec)

mysql> DESC TABLES;
ERROR 1146 (42S02): Table 'mydb1.tables' doesn't exist
mysql> 
mysql> DESC TABLES;
ERROR 1146 (42S02): Table 'mydb1.tables' doesn't exist
mysql> DESC
    -> ^C
mysql> SELECT * FROM tb1;
ERROR 2013 (HY000): Lost connection to MySQL server during query
mysql> SELECT * FROM tb1;
ERROR 2006 (HY000): MySQL server has gone away
No connection. Trying to reconnect...
Connection id:    5
Current database: mydb1

+-------+---------------+-----------------------+------------+---------------------+
| idtb1 | title         | description           | genre      | dtime               |
+-------+---------------+-----------------------+------------+---------------------+
|    23 | PHP7          | Учим PHP              | фантастика | 2018-06-19 15:29:16 |
|    24 | JavaScript    |                       | фантастика | 2016-12-09 10:42:46 |
|    25 | MySQL         | Супер книга по MySQL  | NULL       | 2018-06-19 15:36:09 |
|    26 | React         | Library for UI        | NULL       | 2018-06-19 15:40:33 |
|    27 | React         | Library for UI        | NULL       | 2018-06-19 15:41:16 |
|    28 | React         | Library for UI        | NULL       | 2018-06-19 15:42:29 |
|    29 | jQuery        | 3D Library for UI     | NULL       | 2018-06-19 15:42:29 |
|    30 | Pixi js       | 2D Library for UI     | NULL       | 2018-06-19 15:42:29 |
|    50 | Кулинария     | Library for workhouse | NULL       | 2018-06-19 15:49:53 |
|    51 | Пироговедение | туториал              | NULL       | 2018-06-19 15:49:53 |
+-------+---------------+-----------------------+------------+---------------------+
10 rows in set (0.08 sec)

mysql> DELETE FROM tb1
    -> WHERE idtb1 BETWEN 26 AND 28;
ERROR 2013 (HY000): Lost connection to MySQL server during query
mysql> WHERE idtb1 BETWEN 26 AND 28;
ERROR 2006 (HY000): MySQL server has gone away
No connection. Trying to reconnect...
Connection id:    6
Current database: mydb1

ERROR 1064 (42000): You have an error in your SQL syntax; check the manual that corresponds to your MySQL server version for the right syntax to use near 'WHERE idtb1 BETWEN 26 AND 28' at line 1
mysql> DELETE FROM tb1
    -> WHERE idtb1 BETWEEN 26 AND 28;
Query OK, 3 rows affected (0.01 sec)

mysql> 
mysql> SELECT * FROM tb1;
+-------+---------------+-----------------------+------------+---------------------+
| idtb1 | title         | description           | genre      | dtime               |
+-------+---------------+-----------------------+------------+---------------------+
|    23 | PHP7          | Учим PHP              | фантастика | 2018-06-19 15:29:16 |
|    24 | JavaScript    |                       | фантастика | 2016-12-09 10:42:46 |
|    25 | MySQL         | Супер книга по MySQL  | NULL       | 2018-06-19 15:36:09 |
|    29 | jQuery        | 3D Library for UI     | NULL       | 2018-06-19 15:42:29 |
|    30 | Pixi js       | 2D Library for UI     | NULL       | 2018-06-19 15:42:29 |
|    50 | Кулинария     | Library for workhouse | NULL       | 2018-06-19 15:49:53 |
|    51 | Пироговедение | туториал              | NULL       | 2018-06-19 15:49:53 |
+-------+---------------+-----------------------+------------+---------------------+
7 rows in set (0.00 sec)

mysql> UPDATE tb1
    ->     SET title = 'JavaScript 2015'
    -> WHERE
    ->     idtb1 = 24;
ERROR 2006 (HY000): MySQL server has gone away
No connection. Trying to reconnect...
Connection id:    7
Current database: mydb1

Query OK, 1 row affected (0.07 sec)
Rows matched: 1  Changed: 1  Warnings: 0

mysql> SELECT * FROM tb1;
+-------+-----------------+-----------------------+------------+---------------------+
| idtb1 | title           | description           | genre      | dtime               |
+-------+-----------------+-----------------------+------------+---------------------+
|    23 | PHP7            | Учим PHP              | фантастика | 2018-06-19 15:29:16 |
|    24 | JavaScript 2015 |                       | фантастика | 2016-12-09 10:42:46 |
|    25 | MySQL           | Супер книга по MySQL  | NULL       | 2018-06-19 15:36:09 |
|    29 | jQuery          | 3D Library for UI     | NULL       | 2018-06-19 15:42:29 |
|    30 | Pixi js         | 2D Library for UI     | NULL       | 2018-06-19 15:42:29 |
|    50 | Кулинария       | Library for workhouse | NULL       | 2018-06-19 15:49:53 |
|    51 | Пироговедение   | туториал              | NULL       | 2018-06-19 15:49:53 |
+-------+-----------------+-----------------------+------------+---------------------+
7 rows in set (0.00 sec)

mysql> UPDATE tb1
    ->     SET genre = 'классика'
    -> WHERE
    ->     idtb1 = 25;
ERROR 2013 (HY000): Lost connection to MySQL server during query
mysql> UPDATE tb1
    ->     SET genre = 'классика'
    -> WHERE
    ->     idtb1 = 25;
ERROR 2006 (HY000): MySQL server has gone away
No connection. Trying to reconnect...
Connection id:    8
Current database: mydb1

Query OK, 1 row affected (0.07 sec)
Rows matched: 1  Changed: 1  Warnings: 0

mysql> SELECT * FROM tb1;
+-------+-----------------+-----------------------+------------+---------------------+
| idtb1 | title           | description           | genre      | dtime               |
+-------+-----------------+-----------------------+------------+---------------------+
|    23 | PHP7            | Учим PHP              | фантастика | 2018-06-19 15:29:16 |
|    24 | JavaScript 2015 |                       | фантастика | 2016-12-09 10:42:46 |
|    25 | MySQL           | Супер книга по MySQL  | классика   | 2018-06-19 15:36:09 |
|    29 | jQuery          | 3D Library for UI     | NULL       | 2018-06-19 15:42:29 |
|    30 | Pixi js         | 2D Library for UI     | NULL       | 2018-06-19 15:42:29 |
|    50 | Кулинария       | Library for workhouse | NULL       | 2018-06-19 15:49:53 |
|    51 | Пироговедение   | туториал              | NULL       | 2018-06-19 15:49:53 |
+-------+-----------------+-----------------------+------------+---------------------+
7 rows in set (0.00 sec)

mysql> UPDATE tb1
    ->     SET genre = 'классика'
    -> WHERE
    ->     idtb1 = 25;
Query OK, 0 rows affected (0.00 sec)
Rows matched: 1  Changed: 0  Warnings: 0

mysql> SELECT * FROM tb1;
+-------+-----------------+-----------------------+------------+---------------------+
| idtb1 | title           | description           | genre      | dtime               |
+-------+-----------------+-----------------------+------------+---------------------+
|    23 | PHP7            | Учим PHP              | фантастика | 2018-06-19 15:29:16 |
|    24 | JavaScript 2015 |                       | фантастика | 2016-12-09 10:42:46 |
|    25 | MySQL           | Супер книга по MySQL  | классика   | 2018-06-19 15:36:09 |
|    29 | jQuery          | 3D Library for UI     | NULL       | 2018-06-19 15:42:29 |
|    30 | Pixi js         | 2D Library for UI     | NULL       | 2018-06-19 15:42:29 |
|    50 | Кулинария       | Library for workhouse | NULL       | 2018-06-19 15:49:53 |
|    51 | Пироговедение   | туториал              | NULL       | 2018-06-19 15:49:53 |
+-------+-----------------+-----------------------+------------+---------------------+
7 rows in set (0.00 sec)

mysql> DROP DATABASE bookshop;
ERROR 2006 (HY000): MySQL server has gone away
No connection. Trying to reconnect...
Connection id:    9
Current database: mydb1

ERROR 1008 (HY000): Can't drop database 'bookshop'; database doesn't exist
mysql> CREATE DATABASE IF NOT EXISTS bookshop;
Query OK, 1 row affected (0.01 sec)

mysql> USE bookshop
Database changed
mysql> 
mysql> SHOW DATABASES;
+--------------------+
| Database           |
+--------------------+
| information_schema |
| bookshop           |
| eshop              |
| mydb1              |
| mysql              |
| performance_schema |
| sys                |
| wall               |
| wordpress          |
+--------------------+
9 rows in set (0.00 sec)

mysql> CREATE TABLE books(
    -> id MEDIUMINT PRIMARY KEY AUTO_INCREMENT,
    -> title VARCHAR (200) NOT NULL,
    -> author VARCHAR (200) NOT NULL,
    -> isbn VARCHAR(22),
    -> publisher VARCHAR(40),
    -> pages SMALLINT,
    -> weight SMALLINT,
    -> cover ENUM("","мягкая","твёрдая"),
    -> pub YEAR,
    -> electronic VARCHAR(20)
    -> ) ENGINE InnoDB;
Query OK, 0 rows affected (0.04 sec)

mysql> SELECT * FROM bookshop;
ERROR 1146 (42S02): Table 'bookshop.bookshop' doesn't exist
mysql> LOAD DATA
    -> INFILE 'C:/books.txt'
    -> INTO TABLE books
    -> FIELDS TERMINATED BY '\t'
    -> LINES TERMINATED BY '\r\n';
ERROR 2013 (HY000): Lost connection to MySQL server during query
mysql> LOAD DATA
    -> INFILE 'C:/books.txt'
    -> INTO TABLE books
    -> FIELDS TERMINATED BY '\t'
    -> LINES TERMINATED BY '\r\n';
ERROR 2006 (HY000): MySQL server has gone away
No connection. Trying to reconnect...
Connection id:    10
Current database: bookshop

ERROR 1290 (HY000): The MySQL server is running with the --secure-file-priv option so it cannot execute this statement
mysql> USE bookshop;
No connection. Trying to reconnect...
Connection id:    11
Current database: *** NONE ***

Database changed
mysql> LOAD DATA
    -> INFILE 'C:/books.txt'
    -> INTO TABLE books
    -> FIELDS TERMINATED BY '\t'
    -> LINES TERMINATED BY '\r\n';
ERROR 1290 (HY000): The MySQL server is running with the --secure-file-priv option so it cannot execute this statement
mysql> LOAD DATA
    -> INFILE 'C:/books.txt'
    -> INTO TABLE books
    -> FIELDS TERMINATED BY '\t'
    -> LINES TERMINATED BY '\r\n';
ERROR 1290 (HY000): The MySQL server is running with the --secure-file-priv option so it cannot execute this statement
mysql> LOAD DATA
    -> INFILE 'C:/books.txt'
    -> INTO TABLE books
    -> FIELDS TERMINATED BY '\t'
    -> 
    -> ^C
mysql> LOAD DATA
    -> INFILE 'F:\OneDrive\workSpace\GitHub\sql_learn\sql_courses_specialist\day_3\books.txt'
    -> INTO TABLE books
    -> FIELDS TERMINATED BY '\t'
    -> LINES TERMINATED BY '\r\n';
ERROR 2013 (HY000): Lost connection to MySQL server during query
mysql> LOAD DATA
    -> INFILE 'F:\OneDrive\workSpace\GitHub\sql_learn\sql_courses_specialist\day_3\books.txt'
    -> INTO TABLE books
    -> FIELDS TERMINATED BY '\t'
    -> LINES TERMINATED BY '\r\n';
ERROR 2006 (HY000): MySQL server has gone away
No connection. Trying to reconnect...
Connection id:    12
Current database: bookshop

ERROR 1290 (HY000): The MySQL server is running with the --secure-file-priv option so it cannot execute this statement
mysql> LOAD DATA
    -> INFILE 'F:\OneDrive\workSpace\GitHub\sql_learn\sql_courses_specialist\day_3\books.txt'
    -> INTO TABLE books
    -> FIELDS TERMINATED BY '\t'
    -> LINES TERMINATED BY '\r\n';
ERROR 2013 (HY000): Lost connection to MySQL server during query
mysql> LOAD DATA
    -> INFILE 'F:\OneDrive\workSpace\GitHub\sql_learn\sql_courses_specialist\day_3\books.txt'
    -> INTO TABLE books
    -> FIELDS TERMINATED BY '\t'
    -> LINES TERMINATED BY '\r\n';
ERROR 2006 (HY000): MySQL server has gone away
No connection. Trying to reconnect...
Connection id:    13
Current database: bookshop

ERROR 1290 (HY000): The MySQL server is running with the --secure-file-priv option so it cannot execute this statement
mysql> USE bookshop;
Database changed
mysql> LOAD DATA
    -> INFILE 'F:\OneDrive\workSpace\GitHub\sql_learn\sql_courses_specialist\day_3\books.txt'
    -> INTO TABLE books
    -> FIELDS TERMINATED BY '\t'
    -> LINES TERMINATED BY '\r\n';
ERROR 1290 (HY000): The MySQL server is running with the --secure-file-priv option so it cannot execute this statement
mysql> Terminal close -- exit!
mysql> SHOW DATABASES;
ERROR 2013 (HY000): Lost connection to MySQL server during query
mysql> SHOW DATABASES;
ERROR 2006 (HY000): MySQL server has gone away
No connection. Trying to reconnect...
Connection id:    16
Current database: *** NONE ***

+--------------------+
| Database           |
+--------------------+
| information_schema |
| bookshop           |
| eshop              |
| mydb1              |
| mysql              |
| performance_schema |
| sys                |
| wall               |
| wordpress          |
+--------------------+
9 rows in set (0.08 sec)

mysql> USE bookshop;
Database changed
mysql> LOAD DATA
    -> INFILE 'F:\OneDrive\workSpace\GitHub\sql_learn\sql_courses_specialist\day_3\books.txt'
    -> INTO TABLE books
    -> FIELDS TERMINATED BY '\t'
    -> LINES TERMINATED BY '\r\n';
ERROR 1290 (HY000): The MySQL server is running with the --secure-file-priv option so it cannot execute this statement
mysql> LOAD DATA
    -> INFILE 'F:\OneDrive\workSpace\GitHub\sql_learn\sql_courses_specialist\day_3\books.txt'
    -> INTO TABLE books
    -> FIELDS TERMINATED BY '\t'
    -> LINES TERMINATED BY '\r\n';
ERROR 1290 (HY000): The MySQL server is running with the --secure-file-priv option so it cannot execute this statement
mysql> SHOW DATABASES;
ERROR 2006 (HY000): MySQL server has gone away
No connection. Trying to reconnect...
ERROR 2003 (HY000): Can't connect to MySQL server on 'localhost' (10061)
ERROR: 
Can't connect to the server

mysql> SHOW DATABASES;
No connection. Trying to reconnect...
ERROR 2003 (HY000): Can't connect to MySQL server on 'localhost' (10061)
ERROR: 
Can't connect to the server

mysql> SHOW DATABASES;
No connection. Trying to reconnect...
ERROR 2003 (HY000): Can't connect to MySQL server on 'localhost' (10061)
ERROR: 
Can't connect to the server

mysql> Terminal close -- exit!
mysql> USE bookshop;
No connection. Trying to reconnect...
Connection id:    3
Current database: *** NONE ***

Database changed
mysql> LOAD DATA
    -> INFILE 'F:\OneDrive\workSpace\GitHub\sql_learn\sql_courses_specialist\day_3\books.txt'
    -> INTO TABLE books
    -> FIELDS TERMINATED BY '\t'
    -> LINES TERMINATED BY '\r\n';
ERROR 1290 (HY000): The MySQL server is running with the --secure-file-priv option so it cannot execute this statement
mysql> LOAD DATA
    -> INFILE 'F:\OneDrive\workSpace\GitHub\sql_learn\sql_courses_specialist\day_3\books.txt'
    -> INTO TABLE books
    -> FIELDS TERMINATED BY '\t'
    -> LINES TERMINATED BY '\r\n';
ERROR 1290 (HY000): The MySQL server is running with the --secure-file-priv option so it cannot execute this statement
mysql> LOAD DATA
    -> INFILE 'F:\OneDrive\workSpace\GitHub\sql_learn\sql_courses_specialist\day_3\books.txt'
    -> INTO TABLE books
    -> FIELDS TERMINATED BY '\t'
    -> LINES TERMINATED BY '\r\n';
ERROR 2013 (HY000): Lost connection to MySQL server during query
mysql> LOAD DATA
    -> INFILE 'F:\OneDrive\workSpace\GitHub\sql_learn\sql_courses_specialist\day_3\books.txt'
    -> INTO TABLE books
    -> FIELDS TERMINATED BY '\t'
    -> LINES TERMINATED BY '\r\n';
ERROR 2006 (HY000): MySQL server has gone away
No connection. Trying to reconnect...
Connection id:    2
Current database: bookshop

ERROR 1290 (HY000): The MySQL server is running with the --secure-file-priv option so it cannot execute this statement
mysql> LOAD DATA
    -> INFILE 'F:\OneDrive\workSpace\GitHub\sql_learn\sql_courses_specialist\day_3\books.txt'
    -> INTO TABLE books
    -> FIELDS TERMINATED BY '\t'
    -> LINES TERMINATED BY '\r\n';
ERROR 1290 (HY000): The MySQL server is running with the --secure-file-priv option so it cannot execute this statement
mysql> SHOW DATABASES;
+--------------------+
| Database           |
+--------------------+
| information_schema |
| bookshop           |
| eshop              |
| mydb1              |
| mysql              |
| performance_schema |
| sys                |
| wall               |
| wordpress          |
+--------------------+
9 rows in set (0.02 sec)

mysql> USE bookshop;
Database changed
mysql> LOAD DATA
    -> INFILE 'F:\OneDrive\workSpace\GitHub\sql_learn\sql_courses_specialist\day_3\books.txt'
    -> INTO TABLE books
    -> FIELDS TERMINATED BY '\t'
    -> LINES TERMINATED BY '\r\n';
ERROR 1290 (HY000): The MySQL server is running with the --secure-file-priv option so it cannot execute this statement
mysql> SELECT @@secure_file_priv
    -> ^C
mysql> SHOW VARIABLES LIKE "secure_file_priv";
ERROR 2013 (HY000): Lost connection to MySQL server during query
mysql> SHOW VARIABLES LIKE "secure_file_priv";
ERROR 2006 (HY000): MySQL server has gone away
No connection. Trying to reconnect...
Connection id:    3
Current database: bookshop

+------------------+-------+
| Variable_name    | Value |
+------------------+-------+
| secure_file_priv | NULL  |
+------------------+-------+
1 row in set, 1 warning (0.11 sec)

mysql> LOAD DATA LOCAL
    -> INFILE 'F:\OneDrive\workSpace\GitHub\sql_learn\sql_courses_specialist\day_3\books.txt'
    -> INTO TABLE books
    -> FIELDS TERMINATED BY '\t'
    -> LINES TERMINATED BY '\r\n';
ERROR 2013 (HY000): Lost connection to MySQL server during query
mysql> LOAD DATA LOCAL
    -> INFILE 'F:\OneDrive\workSpace\GitHub\sql_learn\sql_courses_specialist\day_3\books.txt'
    -> INTO TABLE books
    -> FIELDS TERMINATED BY '\t'
    -> LINES TERMINATED BY '\r\n';
ERROR 2006 (HY000): MySQL server has gone away
No connection. Trying to reconnect...
Connection id:    4
Current database: bookshop

ERROR 1148 (42000): The used command is not allowed with this MySQL version
mysql> LOAD DATA LOCAL
    -> INFILE 'F:\OneDrive\workSpace\GitHub\sql_learn\sql_courses_specialist\day_3\books.txt'
    -> INTO TABLE books
    -> FIELDS TERMINATED BY '\t'
    -> LINES TERMINATED BY '\r\n';
ERROR 1148 (42000): The used command is not allowed with this MySQL version
mysql> USE bookshop;
Database changed
mysql> LOAD DATA LOCAL
    -> INFILE 'F:\OneDrive\workSpace\GitHub\sql_learn\sql_courses_specialist\day_3\books.txt'
    -> INTO TABLE books
    -> FIELDS TERMINATED BY '\t'
    -> LINES TERMINATED BY '\r\n';
ERROR 1148 (42000): The used command is not allowed with this MySQL version
mysql> net stop mysql80
    -> ^C
mysql> net stop mysql80
    -> ^C
mysql> clear
mysql> exit
mysql> SHOW DATABASES;
ERROR 2013 (HY000): Lost connection to MySQL server during query
mysql> SHOW DATABASES;
ERROR 2006 (HY000): MySQL server has gone away
No connection. Trying to reconnect...
Connection id:    6
Current database: *** NONE ***

+--------------------+
| Database           |
+--------------------+
| information_schema |
| bookshop           |
| eshop              |
| mydb1              |
| mysql              |
| performance_schema |
| sys                |
| wall               |
| wordpress          |
+--------------------+
9 rows in set (0.04 sec)

mysql> USE bookshop;
Database changed
mysql> LOAD DATA LOCAL INFILE 'F:\OneDrive\workSpace\GitHub\sql_learn\sql_courses_specialist\day_3\books.txt' INTO TABLE books FIELDS TERMINATED BY '\t' LINES TERMINATED BY '\r\n';
ERROR 1148 (42000): The used command is not allowed with this MySQL version
mysql> LOAD DATA LOCAL INFILE 'F:\OneDrive\workSpace\GitHub\sql_learn\sql_courses_specialist\day_3\books.txt' INTO TABLE books FIELDS TERMINATED BY '\t' LINES TERMINATED BY '\r\n';
ERROR 1148 (42000): The used command is not allowed with this MySQL version
mysql> LOAD DATA INFILE 'F:\OneDrive\workSpace\GitHub\sql_learn\sql_courses_specialist\day_3\books.txt' INTO TABLE books FIELDS TERMINATED BY '\t' LINES TERMINATED BY '\r\n';
ERROR 1290 (HY000): The MySQL server is running with the --secure-file-priv option so it cannot execute this statement
mysql> LOAD DATA INFILE 'F:\OneDrive\workSpace\GitHub\sql_learn\sql_courses_specialist\day_3\books.txt' INTO TABLE books FIELDS TERMINATED BY '\t' LINES TERMINATED BY '\r\n';
ERROR 1290 (HY000): The MySQL server is running with the --secure-file-priv option so it cannot execute this statement
mysql> LOAD DATA INFILE '╨б:\books.txt' INTO TABLE books FIELDS TERMINATED BY '\t' LINES TERMINATED BY '\r\n';
ERROR 2006 (HY000): MySQL server has gone away
No connection. Trying to reconnect...
Connection id:    7
Current database: bookshop

ERROR 1290 (HY000): The MySQL server is running with the --secure-file-priv option so it cannot execute this statement
mysql> LOAD DATA INFILE 'C:\OSPanel\userdata\temp\books.txt' INTO TABLE books FIELDS TERMINATED BY '\t' LINES TERMINATED BY '\r\n';
ERROR 2006 (HY000): MySQL server has gone away
No connection. Trying to reconnect...
Connection id:    8
Current database: bookshop

ERROR 1290 (HY000): The MySQL server is running with the --secure-file-priv option so it cannot execute this statement
mysql> LOAD DATA INFILE 'C:\OSPanel\userdata\temp\books.txt' INTO TABLE books FIELDS TERMINATED BY '\t' LINES TERMINATED BY '\r\n';
ERROR 1290 (HY000): The MySQL server is running with the --secure-file-priv option so it cannot execute this statement
mysql> L
    -> ^C
mysql> LOAD DATA INFILE '%dprogdir%\\userdata\\temp\books.txt' INTO TABLE books FIELDS TERMINATED BY '\t' LINES TERMINATED BY '\r\n';
ERROR 2013 (HY000): Lost connection to MySQL server during query
mysql> LOAD DATA INFILE '%dprogdir%\\userdata\\temp\books.txt' INTO TABLE books FIELDS TERMINATED BY '\t' LINES TERMINATED BY '\r\n';
ERROR 2006 (HY000): MySQL server has gone away
No connection. Trying to reconnect...
Connection id:    9
Current database: bookshop

ERROR 1290 (HY000): The MySQL server is running with the --secure-file-priv option so it cannot execute this statement
mysql> LOAD DATA INFILE '%dprogdir%\\userdata\\temp\books.txt' INTO TABLE books FIELDS TERMINATED BY '\t' LINES TERMINATED BY '\r\n';
ERROR 2013 (HY000): Lost connection to MySQL server during query
mysql> LOAD DATA INFILE '%dprogdir%\\userdata\\temp\books.txt' INTO TABLE books FIELDS TERMINATED BY '\t' LINES TERMINATED BY '\r\n';
ERROR 2006 (HY000): MySQL server has gone away
No connection. Trying to reconnect...
Connection id:    2
Current database: bookshop

ERROR 1290 (HY000): The MySQL server is running with the --secure-file-priv option so it cannot execute this statement
mysql> LOAD DATA INFILE '%dprogdir%\\userdata\\temp\books.txt' INTO TABLE books FIELDS TERMINATED BY '\t' LINES TERMINATED BY '\r\n';
ERROR 1290 (HY000): The MySQL server is running with the --secure-file-priv option so it cannot execute this statement
mysql> LOAD DATA INFILE 'C:\OSPanel\userdata\tem\books.txt' INTO TABLE books FIELDS TERMINATED BY '\t' LINES TERMINATED BY '\r\n';
ERROR 2013 (HY000): Lost connection to MySQL server during query
mysql> LOAD DATA INFILE 'C:\OSPanel\userdata\tem\books.txt' INTO TABLE books FIELDS TERMINATED BY '\t' LINES TERMINATED BY '\r\n';
ERROR 2006 (HY000): MySQL server has gone away
No connection. Trying to reconnect...
Connection id:    3
Current database: bookshop

ERROR 1290 (HY000): The MySQL server is running with the --secure-file-priv option so it cannot execute this statement
mysql> SHOW DATABASES;
ERROR 2006 (HY000): MySQL server has gone away
No connection. Trying to reconnect...
Connection id:    2
Current database: bookshop

+--------------------+
| Database           |
+--------------------+
| information_schema |
| bookshop           |
| eshop              |
| mydb1              |
| mysql              |
| performance_schema |
| sys                |
| wall               |
| wordpress          |
+--------------------+
9 rows in set (0.04 sec)

mysql> USE bookshop;
Database changed
mysql> LOAD DATA INFILE 'C:\OSPanel\userdata\tem\books.txt' INTO TABLE books FIELDS TERMINATED BY '\t' LINES TERMINATED BY '\r\n';
ERROR 1290 (HY000): The MySQL server is running with the --secure-file-priv option so it cannot execute this statement
mysql> LOAD DATA INFILE 'C:\OSPanel\userdata\tem\books.txt' INTO TABLE books FIELDS TERMINATED BY '\t' LINES TERMINATED BY '\r\n';
ERROR 1290 (HY000): The MySQL server is running with the --secure-file-priv option so it cannot execute this statement
mysql> LOAD DATA INFILE 'C:/OSPanel/userdata/tem/books.txt' INTO TABLE books FIELDS TERMINATED BY '\t' LINES TERMINATED BY '\r\n';
ERROR 2006 (HY000): MySQL server has gone away
No connection. Trying to reconnect...
Connection id:    3
Current database: bookshop

ERROR 1290 (HY000): The MySQL server is running with the --secure-file-priv option so it cannot execute this statement
mysql> LOAD DATA INFILE 'C:/OSPanel/userdata/tem/books.txt' INTO TABLE books FIELDS TERMINATED BY '\t' LINES TERMINATED BY '\r\n';
ERROR 1290 (HY000): The MySQL server is running with the --secure-file-priv option so it cannot execute this statement
mysql> LOAD DATA INFILE 'C:/OSPanel/userdata/tem/books.txt' INTO TABLE books FIELDS TERMINATED BY '\t' LINES TERMINATED BY '\r\n';
ERROR 2013 (HY000): Lost connection to MySQL server during query
mysql> LOAD DATA INFILE 'C:/OSPanel/userdata/tem/books.txt' INTO TABLE books FIELDS TERMINATED BY '\t' LINES TERMINATED BY '\r\n';
ERROR 2006 (HY000): MySQL server has gone away
No connection. Trying to reconnect...
Connection id:    2
Current database: bookshop

ERROR 1290 (HY000): The MySQL server is running with the --secure-file-priv option so it cannot execute this statement
mysql> LOAD DATA INFILE 'C:/OSPanel/userdata/temp/books.txt' INTO TABLE books FIELDS TERMINATED BY '\t' LINES TERMINATED BY '\r\n';
ERROR 2013 (HY000): Lost connection to MySQL server during query
mysql> LOAD DATA INFILE 'C:/OSPanel/userdata/temp/books.txt' INTO TABLE books FIELDS TERMINATED BY '\t' LINES TERMINATED BY '\r\n';
ERROR 2006 (HY000): MySQL server has gone away
No connection. Trying to reconnect...
Connection id:    3
Current database: bookshop

Query OK, 30 rows affected (0.05 sec)
Records: 30  Deleted: 0  Skipped: 0  Warnings: 0

mysql> CREATE TABLE IF NOT EXISTS `bookshop`.`consumer` (  `idconsumer` INT(11) NOT NULL,  `fio` VARCHAR(70) NOT NULL,  `db` DATE NULL DEFAULT NULL,  `email` VARCHAR(45) NULL DEFAULT NULL,  `phone` CHAR(10) NULL,  `address` VARCHAR(100) NOT NULL,  PRIMARY KEY (`idconsumer`),  UNIQUE INDEX `idconsumer_UNIQUE` (`idconsumer` ASC)) ENGINE = InnoDB DEFAULT CHARACTER SET = utf8;
ERROR 2013 (HY000): Lost connection to MySQL server during query
mysql> CREATE TABLE IF NOT EXISTS `bookshop`.`consumer` (  `idconsumer` INT(11) NOT NULL,  `fio` VARCHAR(70) NOT NULL,  `db` DATE NULL DEFAULT NULL,  `email` VARCHAR(45) NULL DEFAULT NULL,  `phone` CHAR(10) NULL,  `address` VARCHAR(100) NOT NULL,  PRIMARY KEY (`idconsumer`),  UNIQUE INDEX `idconsumer_UNIQUE` (`idconsumer` ASC)) ENGINE = InnoDB DEFAULT CHARA
    -> CTER SET = utf8;
ERROR 2006 (HY000): MySQL server has gone away
No connection. Trying to reconnect...
Connection id:    4
Current database: bookshop

ERROR 1064 (42000): You have an error in your SQL syntax; check the manual that corresponds to your MySQL server version for the right syntax to use near 'CHARA
CTER SET = utf8' at line 1
mysql> CREATE TABLE IF NOT EXISTS `bookshop`.`consumer` (  `idconsumer` INT(11) NOT NULL,  `fio` VARCHAR(70) NOT NULL,  `db` DATE NULL DEFAULT NULL,  `email` VARCHAR(45) NULL DEFAULT NULL,  `phone` CHAR(10) NULL,  `address` VARCHAR(100) NOT NULL,  PRIMARY KEY (`idconsumer`),  UNIQUE INDEX `idconsumer_UNIQUE` (`idconsumer` ASC)) ENGINE = InnoDB DEFAULT CHARACTER SET = utf8;
ERROR 2013 (HY000): Lost connection to MySQL server during query
mysql> CREATE TABLE IF NOT EXISTS `bookshop`.`consumer` (  `idconsumer` INT(11) NOT NULL,  `fio` VARCHAR(70) NOT NULL,  `db` DATE NULL DEFAULT NULL,  `email` VARCHAR(45) NULL DEFAULT NULL,  `phone` CHAR(10) NULL,  `address` VARCHAR(100) NOT NULL,  PRIMARY KEY (`idconsumer`),  UNIQUE INDEX `idconsumer_UNIQUE` (`idconsumer` ASC)) ENGINE = InnoDB DEFAULT CHARACTER SET = utf8;
ERROR 2006 (HY000): MySQL server has gone away
No connection. Trying to reconnect...
Connection id:    5
Current database: bookshop

Query OK, 0 rows affected (0.09 sec)

mysql> CREATE TABLE IF NOT EXISTS `bookshop`.`order` (  `idorder` INT(11) NOT NULL,  `time` DATETIME NOT NULL,  `status` ENUM('╨▓╤Л╨┐╨╛╨╗╨╜╨╡╨╜','╨┐╤А╨╛╨▓╨╡╤А╤П╨╡╤В╤Б╤П','╨╛╤В╨║╨╗╨╛╨╜╨╡╨╜','╨┤╨╛╤Б╤В╨░╨▓╨║╨░') NOT NULL,  `price` FLOAT NULL DEFAULT NULL,  `consumer_idconsumer` INT(11) NOT NULL,  PRIMARY KEY (`idorder`),  INDEX `fk_order_consumer_idx` (`consumer_idconsumer` ASC),  CONSTRAINT `fk_order_consumer`  FOREIGN KEY (`consumer_idconsumer`)  REFERENCES `bookshop`.`consumer` (`idconsumer`)  ON DELETE NO ACTION  ON UPDATE NO ACTION) ENGINE = InnoDB;
Query OK, 0 rows affected (0.03 sec)

mysql> CREATE TABLE IF NOT EXISTS `bookshop`.`store` (  `order_idorder` INT(11) NOT NULL,  `books_id` MEDIUMINT(9) NOT NULL,  `price` FLOAT NOT NULL,  `quantity` TINYINT(3) UNSIGNED NOT NULL DEFAULT '0',  PRIMARY KEY (`order_idorder`, `books_id`),  INDEX `fk_store_order1_idx` (`order_idorder` ASC),  INDEX `fk_store_books1_idx` (`books_id` ASC),  CONSTRAINT `fk_store_order1`  FOREIGN KEY (`order_idorder`)  REFERENCES `bookshop`.`order` (`idorder`)  ON DELETE NO ACTION  ON UPDATE NO ACTION,  CONSTRAINT `fk_store_books1`  FOREIGN KEY (`books_id`)  REFERENCES `bookshop`.`books` (`id`)  ON DELETE NO ACTION  ON UPDATE NO ACTION) ENGINE = InnoDB;
Query OK, 0 rows affected (0.03 sec)

mysql> \. C:/OSPanel/userdata/temp/bookshopDATA.sql
ERROR 2013 (HY000): Lost connection to MySQL server during query
ERROR 2006 (HY000): MySQL server has gone away
No connection. Trying to reconnect...
Connection id:    6
Current database: bookshop

ERROR 1148 (42000): The used command is not allowed with this MySQL version
ERROR 1148 (42000): The used command is not allowed with this MySQL version
mysql> \. C:/OSPanel/userdata/temp/bookshopDATA.sql
ERROR 1148 (42000): The used command is not allowed with this MySQL version
ERROR 1148 (42000): The used command is not allowed with this MySQL version
ERROR 1148 (42000): The used command is not allowed with this MySQL version
mysql> source C:/OSPanel/userdata/temp/bookshopDATA.sql
ERROR 2013 (HY000): Lost connection to MySQL server during query
ERROR 2006 (HY000): MySQL server has gone away
No connection. Trying to reconnect...
Connection id:    7
Current database: bookshop

ERROR 1148 (42000): The used command is not allowed with this MySQL version
ERROR 1148 (42000): The used command is not allowed with this MySQL version
mysql> source C:/OSPanel/userdata/temp/bookshopDATA.sql
ERROR 1148 (42000): The used command is not allowed with this MySQL version
ERROR 1148 (42000): The used command is not allowed with this MySQL version
ERROR 1148 (42000): The used command is not allowed with this MySQL version
mysql> \. C:/OSPanel/userdata/temp/bookshopDATA.sql
ERROR 2013 (HY000): Lost connection to MySQL server during query
ERROR 2006 (HY000): MySQL server has gone away
No connection. Trying to reconnect...
Connection id:    8
Current database: bookshop

ERROR 1148 (42000): The used command is not allowed with this MySQL version
ERROR 1148 (42000): The used command is not allowed with this MySQL version
mysql> \. C:/OSPanel/userdata/temp/bookshopDATA.sql
ERROR 1148 (42000): The used command is not allowed with this MySQL version
ERROR 1148 (42000): The used command is not allowed with this MySQL version
ERROR 1148 (42000): The used command is not allowed with this MySQL version
mysql> SELECT * FROM consumer;
ERROR 2006 (HY000): MySQL server has gone away
No connection. Trying to reconnect...
Connection id:    9
Current database: bookshop

Empty set (0.04 sec)

mysql> SELECT * FROM consumer;
Empty set (0.00 sec)

mysql> \. C:/OSPanel/userdata/temp/bookshopDATA.sql
ERROR 1148 (42000): The used command is not allowed with this MySQL version
ERROR 1148 (42000): The used command is not allowed with this MySQL version
ERROR 1148 (42000): The used command is not allowed with this MySQL version
mysql> SOURCE C:/OSPanel/userdata/temp/bookshopDATA.sql
ERROR 1148 (42000): The used command is not allowed with this MySQL version
ERROR 1148 (42000): The used command is not allowed with this MySQL version
ERROR 1148 (42000): The used command is not allowed with this MySQL version
mysql> /. C:/OSPanel/userdata/temp/bookshopDATA.sql
    -> ^C
mysql> \. C:/OSPanel/userdata/temp/bookshopDATA.sql
ERROR 2013 (HY000): Lost connection to MySQL server during query
ERROR 2006 (HY000): MySQL server has gone away
No connection. Trying to reconnect...
Connection id:    10
Current database: bookshop

ERROR 1148 (42000): The used command is not allowed with this MySQL version
ERROR 1148 (42000): The used command is not allowed with this MySQL version
mysql> \. C:\OSPanel\userdata\temp\bookshopDATA.sql
ERROR 2013 (HY000): Lost connection to MySQL server during query
ERROR 2006 (HY000): MySQL server has gone away
No connection. Trying to reconnect...
Connection id:    11
Current database: bookshop

ERROR 1148 (42000): The used command is not allowed with this MySQL version
ERROR 1148 (42000): The used command is not allowed with this MySQL version
mysql> source C:\OSPanel\userdata\temp\bookshopDATA.sql
ERROR 1148 (42000): The used command is not allowed with this MySQL version
ERROR 1148 (42000): The used command is not allowed with this MySQL version
ERROR 1148 (42000): The used command is not allowed with this MySQL version
mysql> source C:/OSPanel/userdata/temp/bookshopDATA.sql
ERROR 1148 (42000): The used command is not allowed with this MySQL version
ERROR 1148 (42000): The used command is not allowed with this MySQL version
ERROR 1148 (42000): The used command is not allowed with this MySQL version
mysql> source C:/OSPanel/userdata/temp/bookshopDATA.sql
ERROR 2006 (HY000): MySQL server has gone away
No connection. Trying to reconnect...
Connection id:    12
Current database: bookshop

ERROR 1148 (42000): The used command is not allowed with this MySQL version
ERROR 1148 (42000): The used command is not allowed with this MySQL version
ERROR 1148 (42000): The used command is not allowed with this MySQL version
mysql> \. C:/OSPanel/userdata/temp/bookshopDATA.sql
ERROR 1148 (42000): The used command is not allowed with this MySQL version
ERROR 1148 (42000): The used command is not allowed with this MySQL version
ERROR 1148 (42000): The used command is not allowed with this MySQL version
mysql> \. C:/OSPanel/userdata/temp/bookshopDATA.sql
ERROR 1148 (42000): The used command is not allowed with this MySQL version
ERROR 1148 (42000): The used command is not allowed with this MySQL version
ERROR 1148 (42000): The used command is not allowed with this MySQL version
mysql> \. C:/OSPanel/userdata/temp/bookshopDATA.sql
ERROR 2013 (HY000): Lost connection to MySQL server during query
ERROR 2006 (HY000): MySQL server has gone away
No connection. Trying to reconnect...
Connection id:    13
Current database: bookshop

ERROR 1290 (HY000): The MySQL server is running with the --secure-file-priv option so it cannot execute this statement
ERROR 1290 (HY000): The MySQL server is running with the --secure-file-priv option so it cannot execute this statement
mysql> \. C:/OSPanel/userdata/temp/bookshopDATA.sql
ERROR 1290 (HY000): The MySQL server is running with the --secure-file-priv option so it cannot execute this statement
ERROR 1290 (HY000): The MySQL server is running with the --secure-file-priv option so it cannot execute this statement
ERROR 1290 (HY000): The MySQL server is running with the --secure-file-priv option so it cannot execute this statement
mysql> \. C:/OSPanel/userdata/temp/bookshopDATA.sql
ERROR 1290 (HY000): The MySQL server is running with the --secure-file-priv option so it cannot execute this statement
ERROR 1290 (HY000): The MySQL server is running with the --secure-file-priv option so it cannot execute this statement
ERROR 1290 (HY000): The MySQL server is running with the --secure-file-priv option so it cannot execute this statement
mysql> \. C:\OSPanel\userdata\temp\bookshopDATA.sql
ERROR 1290 (HY000): The MySQL server is running with the --secure-file-priv option so it cannot execute this statement
ERROR 1290 (HY000): The MySQL server is running with the --secure-file-priv option so it cannot execute this statement
ERROR 1290 (HY000): The MySQL server is running with the --secure-file-priv option so it cannot execute this statement
mysql> source C:/OSPanel/userdata/temp/bookshopDATA.sql
ERROR 1290 (HY000): The MySQL server is running with the --secure-file-priv option so it cannot execute this statement
ERROR 1290 (HY000): The MySQL server is running with the --secure-file-priv option so it cannot execute this statement
ERROR 1290 (HY000): The MySQL server is running with the --secure-file-priv option so it cannot execute this statement
mysql> \. F:/OneDrive/workSpace/GitHub/sql_learn/sql_courses_specialist/day_3/bookshopDATA.sql
ERROR 2013 (HY000): Lost connection to MySQL server during query
ERROR 2006 (HY000): MySQL server has gone away
No connection. Trying to reconnect...
Connection id:    14
Current database: bookshop

ERROR 1290 (HY000): The MySQL server is running with the --secure-file-priv option so it cannot execute this statement
ERROR 1290 (HY000): The MySQL server is running with the --secure-file-priv option so it cannot execute this statement
mysql> \. F:/OneDrive/workSpace/GitHub/sql_learn/sql_courses_specialist/day_3/bookshopDATA.sql
ERROR 1290 (HY000): The MySQL server is running with the --secure-file-priv option so it cannot execute this statement
ERROR 1290 (HY000): The MySQL server is running with the --secure-file-priv option so it cannot execute this statement
ERROR 1290 (HY000): The MySQL server is running with the --secure-file-priv option so it cannot execute this statement
mysql> \. C:/OSPanel/userdata/temp/bookshopDATA.sql
ERROR 1290 (HY000): The MySQL server is running with the --secure-file-priv option so it cannot execute this statement
ERROR 1290 (HY000): The MySQL server is running with the --secure-file-priv option so it cannot execute this statement
ERROR 1290 (HY000): The MySQL server is running with the --secure-file-priv option so it cannot execute this statement
mysql> \. C:/OSPanel/userdata/temp/bookshopDATA.sql
ERROR 2006 (HY000): MySQL server has gone away
No connection. Trying to reconnect...
Connection id:    15
Current database: bookshop

ERROR 29 (HY000): File 'C:\OSPanel\userdata\temp\consumer.csv' not found (Errcode: 2 - No such file or directory)
ERROR 1452 (23000): Cannot add or update a child row: a foreign key constraint fails (`bookshop`.`order`, CONSTRAINT `fk_order_consumer` FOREIGN KEY (`consumer_idconsumer`) REFERENCES `consumer` (`idconsumer`) ON DELETE NO ACTION ON UPDATE NO ACTION)
ERROR 1452 (23000): Cannot add or update a child row: a foreign key constraint fails (`bookshop`.`store`, CONSTRAINT `fk_store_order1` FOREIGN KEY (`order_idorder`) REFERENCES `order` (`idorder`) ON DELETE NO ACTION ON UPDATE NO ACTION)
mysql> \. C:/OSPanel/userdata/temp/bookshopDATA.sql
Query OK, 9 rows affected (0.00 sec)
Records: 9  Deleted: 0  Skipped: 0  Warnings: 0

Query OK, 6 rows affected (0.00 sec)
Records: 6  Deleted: 0  Skipped: 0  Warnings: 0

Query OK, 13 rows affected (0.00 sec)
Records: 13  Deleted: 0  Skipped: 0  Warnings: 0

mysql> SELECT * FROM consumer;
ERROR 2013 (HY000): Lost connection to MySQL server during query
mysql> SELECT * FROM consumer;
ERROR 2006 (HY000): MySQL server has gone away
No connection. Trying to reconnect...
Connection id:    16
Current database: bookshop

+------------+----------------------------------------------------------------------+------------+-------+------------+--------------------------+
| idconsumer | fio                                                                  | db         | email | phone      | address                  |
+------------+----------------------------------------------------------------------+------------+-------+------------+--------------------------+
|          1 | ╨Я╨╡╤В╤А╨╛╨▓ ╨Я╨╡╤В╤А ╨Я╨╡╤В╤А╨╛╨▓╨╕╤З                                                 | 2000-12-01 |       | 5345353443 | ╨Ь╨╛╤Б╨║╨▓╨░                   |
|          2 | ╨Ш╨▓╨░╨╜╨╛╨▓ ╨Ш╨▓╨░╨╜ ╨Ш╨▓╨░╨╜╨╛╨▓╨╕╤З                                                 | 1996-04-05 |       | 3453345345 | ╨Ы╤О╨▒╨╡╤А╤Ж╤Л                  |
|          3 | ╨б╨╕╨┤╨╛╤А╨╛╨▓ ╨б╨╕╨┤╨╛ ╨б╨╕╨┤╨╛╤А╨╛╨▓╨╕╤З                                               | 1988-05-23 |       | 3334345345 | ╨Ч╨▓╨╡╨╜╨╕╨│╨╛╤А╨╛╨┤               |
|          4 | ╨Ю╨╗╨╡╨│╨╛╨▓ ╨Ш╨▓╨░╨╜ ╨Ю╨╗╨╡╨│╨╛╨▓╨╕╤З                                                 | 2002-09-15 |       | 3453453453 | ╨Ь╤Л╤В╨╕╤Й╨╕                   |
|          5 | ╨Р╨╗╨╡╨║╤Б╨░╨╜╨┤╤А╨╛╨▓ ╨Р╨╗╨╡╨║╤Б╨░╨╜╨┤╤А ╨Р╨╗╨╡╨║╤Б╨░╨╜╨┤╤А╨╛╨▓╨╕╤З                                  | 1999-03-29 |       | 3453345345 | ╨Х╨║╨░╤В╨╡╤А╨╕╨╜╨▒╤Г╤А╨│             |
|          6 | ╨Ш╨│╨╛╤А╨╡╨▓ ╨Ш╨│╨╛╤А╤М ╨Ш╨│╨╛╤А╨╡╨▓╨╕╤З                                                | 2000-06-10 |       | 3453453453 | ╨Р╨╜╨░╨┐╨░                    |
|          7 | ╨Р╨╜╤В╨╛╨╜╨╛╨▓╨░ ╨Р╨╜╨╜╨░ ╨Я╨╡╤В╤А╨╛╨▓╨╜╨░                                               | 1990-02-25 |       | 6782316768 | ╨б╨╡╨▓╨░╤Б╤В╨╛╨┐╨╛╨╗╤М              |
|          8 | ╨Ъ╨╜╤П╨╖╨╡╨▓╨░ ╨Ю╨╗╤М╨│╨░ ╨Э╨╕╨║╨╛╨╗╨░╨╡╨▓╨╜╨░                                             | 1992-03-21 |       | 5462224678 | ╨Т╨╗╨░╨┤╨╕╨▓╨╛╤Б╤В╨╛╨║              |
|          9 | ╨Х╨║╨░╤В╨╡╤А╨╕╨╜╨░ ╨Э╨╡╨╜╨░╤И╨╡╨▓╨░                                                   | 1993-03-24 |       | 1223154345 | ╨е╨░╤А╤М╨║╨╛╨▓                  |
+------------+----------------------------------------------------------------------+------------+-------+------------+--------------------------+
9 rows in set (0.05 sec)

mysql> SELECT * FROM `order`;
+---------+---------------------+------------------------+--------+---------------------+
| idorder | time                | status                 | price  | consumer_idconsumer |
+---------+---------------------+------------------------+--------+---------------------+
|       1 | 2014-12-23 12:34:10 | ╨▓╤Л╨┐╨╛╨╗╨╜╨╡╨╜               | 2342.3 |                   2 |
|       2 | 2013-01-08 17:45:34 | ╨▓╤Л╨┐╨╛╨╗╨╜╨╡╨╜               | 2342.3 |                   5 |
|       3 | 2014-12-12 10:19:01 | ╨┤╨╛╤Б╤В╨░╨▓╨║╨░               | 2342.3 |                   7 |
|       4 | 2010-02-07 14:12:12 | ╨╛╤В╨║╨╗╨╛╨╜╨╡╨╜               | 2342.3 |                   1 |
|       5 | 2014-08-13 15:01:12 | ╨┐╤А╨╛╨▓╨╡╤А╤П╨╡╤В╤Б╤П            | 2342.3 |                   3 |
|       6 | 2014-08-30 20:10:00 | ╨┤╨╛╤Б╤В╨░╨▓╨║╨░               | 2342.3 |                   6 |
+---------+---------------------+------------------------+--------+---------------------+
6 rows in set (0.01 sec)

mysql> SELECT * FROM books;
+----+-----------------------------------------------------------------------------------------------------------------------------------------------------------------+-----------------------------------------------------------------------------------------------------------------------+-----------------------+-----------------------+-------+--------+----------------+------+------------+
| id | title                                                                                                                                                           | author                                                                                                                | isbn                  | publisher             | pages | weight | cover          | pub  | electronic |
+----+-----------------------------------------------------------------------------------------------------------------------------------------------------------------+-----------------------------------------------------------------------------------------------------------------------+-----------------------+-----------------------+-------+--------+----------------+------+------------+
|  1 | Zend Framework 2 Web Application Development                                                                                                                    | Christopher Valles                                                                                                    | 9,78178E+12           | Packt Publishing      |   298 |      0 | ╨╝╤П╨│╨║╨░╤П         | 2013 |            |
|  2 | Zend Framework 2.0. ╨а╨░╨╖╤А╨░╨▒╨╛╤В╨║╨░ ╨▓╨╡╨▒-╨┐╤А╨╕╨╗╨╛╨╢╨╡╨╜╨╕╨╣                                                                                                                   | ╨Ъ╤А╨╕╤И╨╜╨░ ╨и╨░╤Б╨░╨╜╨║╨░╤А                                                                                                       | 978-5-496-00837-2208  | ╨Я╨╕╤В╨╡╤А                 |   208 |      0 | ╨╝╤П╨│╨║╨░╤П         | 2013 |            |
|  3 | Html5 Canvas Cookbook                                                                                                                                           | Eric Rowell                                                                                                           | 9,78185E+12           | Packt Publishing      |   384 |      0 | ╨╝╤П╨│╨║╨░╤П         | 2011 |            |
|  4 | Android: ╤А╨░╨╖╤А╨░╨▒╨╛╤В╨║╨░ ╨┐╤А╨╕╨╗╨╛╨╢╨╡╨╜╨╕╨╣ ╨┤╨╗╤П ╤З╨░╨╣╨╜╨╕╨║╨╛╨▓                                                                                                                     | ╨Ф╨╛╨╜╨╜ ╨д╨╡╨╗╨║╨╡╤А                                                                                                           | 978-5-8459-1748-5     | ╨Т╨╕╨╗╤М╤П╨╝╤Б               |   336 |      0 | ╨╝╤П╨│╨║╨░╤П         | 2012 |            |
|  5 | Android 4 ╨┤╨╗╤П ╨┐╤А╨╛╤Д╨╡╤Б╤Б╨╕╨╛╨╜╨░╨╗╨╛╨▓. ╨б╨╛╨╖╨┤╨░╨╜╨╕╨╡ ╨┐╤А╨╕╨╗╨╛╨╢╨╡╨╜╨╕╨╣ ╨┤╨╗╤П ╨┐╨╗╨░╨╜╤И╨╡╤В╨╜╤Л╤Е ╨║╨╛╨╝╨┐╤М╤О╤В╨╡╤А╨╛╨▓ ╨╕ ╤Б╨╝╨░╤А╤В╤Д╨╛╨╜╨╛╨▓                                                                       | ╨б╨░╤В╨╕╤П ╨Ъ╨╛╨╝╨░╤В╨╕╨╜╨╡╨╜╨╕, ╨Ф╤Н╨╣╨▓ ╨Ь╨░╨║╨╗╨╕╨╜                                                                                         |                       | ╨Т╨╕╨╗╤М╤П╨╝╤Б               |   880 |      0 | ╤В╨▓╤С╤А╨┤╨░╤П        | 2012 |            |
|  6 | Testing Backbone.Js                                                                                                                                             | Ryan Roemer                                                                                                           | 9,78178E+12           | Packt Publishing      |   168 |      0 | ╨╝╤П╨│╨║╨░╤П         | 2013 |            |
|  7 | ╨а╨░╨╖╤А╨░╨▒╨╛╤В╨║╨░ Backbone.js ╨┐╤А╨╕╨╗╨╛╨╢╨╡╨╜╨╕╨╣                                                                                                                               | ╨Ю╤Б╨╝╨░╨╜╨╕ ╨н                                                                                                              | 978-5-496-00962-1     | ╨Я╨╕╤В╨╡╤А                 |   352 |    466 | ╨╝╤П╨│╨║╨░╤П         | 2014 |            |
|  8 | ╨Ш╨╖╤Г╤З╨░╨╡╨╝ HTML, XHTML ╨╕ CSS                                                                                                                                       | ╨н╤А╨╕╨║ ╨д╤А╨╕╨╝╨╡╨╜, ╨н╨╗╨╕╨╖╨░╨▒╨╡╤В ╨д╤А╨╕╨╝╨╡╨╜                                                                                          | 978-5-459-01060-2654  | ╨Я╨╕╤В╨╡╤А                 |   654 |      1 |                | 2011 |            |
|  9 | HTML ╨╕ CSS. ╨а╨░╨╖╤А╨░╨▒╨╛╤В╨║╨░ ╨╕ ╨┤╨╕╨╖╨░╨╣╨╜ ╨▓╨╡╨▒-╤Б╨░╨╣╤В╨╛╨▓                                                                                                                      | ╨Ф╨╢╨╛╨╜ ╨Ф╨░╨║╨╡╤В╤В                                                                                                           | 978-5-699-64193-2480  | ╨н╨║╤Б╨╝╨╛                 |   480 |    915 | ╤В╨▓╤С╤А╨┤╨░╤П        | 2013 |            |
| 10 | ╨Ш╨╖╤Г╤З╨░╨╡╨╝ HTML, XHTML ╨╕ CSS 2-╨╡ ╨╕╨╖╨┤.                                                                                                                              | ╨а╨╛╨▒╤Б╨╛╨╜ ╨н                                                                                                              | 978-5-496-00653-8720  | ╨Я╨╕╤В╨╡╤А                 |   720 |   1076 | ╨╝╤П╨│╨║╨░╤П         | 2013 |            |
| 11 | HTML, ╤Б╨║╤А╨╕╨┐╤В╤Л ╨╕ ╤Б╤В╨╕╨╗╨╕. 2-╨╡ ╨╕╨╖╨┤.                                                                                                                                 | ╨Ф╤Г╨╜╨░╨╡╨▓ ╨Т╨░╨┤╨╕╨╝ ╨Т╤П╤З╨╡╤Б╨╗╨░╨▓╨╛╨▓╨╕╤З                                                                                             |                       | BHV-╨б╨Я╨▒               |     0 |      0 |                | 2008 |            |
| 12 | JavaScript. ╨Я╨╛╨┤╤А╨╛╨▒╨╜╨╛╨╡ ╤А╤Г╨║╨╛╨▓╨╛╨┤╤Б╤В╨▓╨╛                                                                                                                               | ╨Ф╤Н╨▓╨╕╨┤ ╨Ь╨░╨║╤Д╨░╤А╨╗╨░╨╜╨┤                                                                                                      | 978-5-699-34659-2     | ╨н╨║╤Б╨╝╨╛                 |   790 |      0 |                | 2009 |            |
| 13 | ╨У╤А╨░╤Д╨╕╨║╨░ ╨╜╨░ JavaScript                                                                                                                                           | ╨з╨╡╨║╨║╨╛ ╨а.                                                                                                              | 978-5-4461-0034-7272  | ╨Я╨╕╤В╨╡╤А                 |   272 |    388 | ╨╝╤П╨│╨║╨░╤П         | 2012 |            |
| 14 | CoffeeScript. ╨Т╤В╨╛╤А╨╛╨╡ ╨┤╤Л╤Е╨░╨╜╨╕╨╡ JavaScript                                                                                                                         | ╨Ь╨░╤А╨║ ╨С╨╡╨╣╤В╤Б                                                                                                            | 978-5-94074-842-7312  | ╨Ф╨Ь╨Ъ                   |   312 |    362 | ╨╝╤П╨│╨║╨░╤П         | 2012 |            |
| 15 | ╨а╨░╨╖╤А╨░╨▒╨╛╤В╨║╨░ ╨┐╤А╨╕╨╗╨╛╨╢╨╡╨╜╨╕╨╣ ╨┤╨╗╤П Windows 8 ╨╜╨░ HTML5 ╨╕ JavaScript                                                                                                       | Dino Esposito, ╨д╤А╨░╨╜╤З╨╡╤Б╨║╨╛ ╨н╤Б╨┐╨╛╨╖╨╕╤В╨╛, Francesco Esposito, ╨Ф╨╕╨╜╨╛ ╨н╤Б╨┐╨╛╨╖╨╕╤В╨╛                                                  | 978-5-496-00794-8384  | ╨Я╨╕╤В╨╡╤А                 |   384 |    502 | ╨╝╤П╨│╨║╨░╤П         | 2013 |            |
| 16 | JavaScript ╨╕ jQuery. ╨Ш╤Б╤З╨╡╤А╨┐╤Л╨▓╨░╤О╤Й╨╡╨╡ ╤А╤Г╨║╨╛╨▓╨╛╨┤╤Б╤В╨▓╨╛                                                                                                                  | ╨Ф╤Н╨▓╨╕╨┤ ╨Ь╨░╨║╤Д╨░╤А╨╗╨░╨╜╨┤                                                                                                      | 978-5-699-56185-8688  | ╨н╨║╤Б╨╝╨╛                 |   688 |   1015 |                | 2012 |            |
| 17 | JavaScript. ╨Ъ╨░╤А╨╝╨░╨╜╨╜╤Л╨╣ ╤Б╨┐╤А╨░╨▓╨╛╤З╨╜╨╕╨║                                                                                                                                | ╨д╨╗╤Н╨╜╨░╨│╨░╨╜ ╨Ф.                                                                                                           | 978-5-8459-1830-7320  | ╨Т╨╕╨╗╤М╤П╨╝╤Б               |   320 |    243 |                | 2013 |            |
| 18 | JavaScript. ╨Я╨╛╨┤╤А╨╛╨▒╨╜╨╛╨╡ ╤А╤Г╨║╨╛╨▓╨╛╨┤╤Б╤В╨▓╨╛, 5-╨╡ ╨╕╨╖╨┤╨░╨╜╨╕╨╡ (╤Д╨░╨╣╨╗ PDF)                                                                                                       | ╨Ф╤Н╨▓╨╕╨┤ ╨д╨╗╤Н╨╜╨░╨│╨░╨╜                                                                                                        |                       | ╨б╨╕╨╝╨▓╨╛╨╗-╨Я╨╗╤О╤Б           |     0 |   8201 |                | 2008 | pdf        |
| 19 | jQuery. ╨Я╨╛╨┤╤А╨╛╨▒╨╜╨╛╨╡ ╤А╤Г╨║╨╛╨▓╨╛╨┤╤Б╤В╨▓╨╛ ╨┐╨╛ ╨┐╤А╨╛╨┤╨▓╨╕╨╜╤Г╤В╨╛╨╝╤Г JavaScript, 2-╨╡ ╨╕╨╖╨┤╨░╨╜╨╕╨╡ (╤Д╨░╨╣╨╗ PDF)                                                                                | ╨Ш╨╡╨│╤Г╨┤╨░ ╨Ъ╨░╤Ж, ╨С╨╡╤А ╨С╨╕╨▒╨╛                                                                                                  |                       | ╨б╨╕╨╝╨▓╨╛╨╗-╨Я╨╗╤О╤Б           |   624 |  22000 |                | 2011 | pdf        |
| 20 | MySQL                                                                                                                                                           | ╨Я╨╛╨╗╤М ╨Ф╤О╨▒╤Г╨░                                                                                                            | 5-8459-1119-21168     | ╨Т╨╕╨╗╤М╤П╨╝╤Б               |  1168 |   1155 | ╤В╨▓╤С╤А╨┤╨░╤П        | 2006 |            |
| 21 | ╨а╨░╨╖╤А╨░╨▒╨╛╤В╨║╨░ Web-╨┐╤А╨╕╨╗╨╛╨╢╨╡╨╜╨╕╨╣ ╤Б ╨┐╨╛╨╝╨╛╤Й╤М╤О PHP ╨╕ MySQL. 4-╨╡ ╨╕╨╖╨┤╨░╨╜╨╕╨╡                                                                                                    | ╨Ы╤О╨║ ╨Т╨╡╨╗╨╗╨╕╨╜╨│, ╨Ы╨╛╤А╨░ ╨в╨╛╨╝╤Б╨╛╨╜                                                                                              | 978-5-8459-1574-0848  | ╨Т╨╕╨╗╤М╤П╨╝╤Б               |   848 |    865 |                | 2010 |            |
| 22 | ╨Ш╨╖╤Г╤З╨░╨╡╨╝ PHP ╨╕ MySQL                                                                                                                                             | ╨Ь╨░╨╣╨║╨╗ ╨Ь╨╛╤А╤А╨╕╤Б╨╛╨╜, ╨Ы╨╕╨╜╨╜ ╨С╨╡╨╣╨╗╨╕                                                                                            | 978-5-699-44494-6800  | ╨н╨║╤Б╨╝╨╛                 |   800 |   1534 | ╤В╨▓╤С╤А╨┤╨░╤П        | 2010 |            |
| 23 | ╨Ю╨▒╨╡╤Б╨┐╨╡╤З╨╡╨╜╨╕╨╡ ╨▓╤Л╤Б╨╛╨║╨╛╨╣ ╨┤╨╛╤Б╤В╤Г╨┐╨╜╨╛╤Б╤В╨╕ ╤Б╨╕╤Б╤В╨╡╨╝ ╨╜╨░ ╨╛╤Б╨╜╨╛╨▓╨╡ MySQL                                                                                                          | ╨Ы╨░╤А╤Б ╨в╨░╨╗╨╝╨░╨╜╨╜, ╨Ь╤Н╤В╤Б ╨Ъ╨╕╨╜╨┤╨░╨╗                                                                                             | 978-5-7502-0409-0624  | BHV                   |   624 |    700 |                | 2011 |            |
| 24 | PHP ╨╕ MySQL: ╤Б╨╛╨╖╨┤╨░╨╜╨╕╨╡ ╨╕╨╜╤В╨╡╤А╨╜╨╡╤В-╨╝╨░╨│╨░╨╖╨╕╨╜╨░, 2-╨╡ ╨╕╨╖╨┤╨░╨╜╨╕╨╡                                                                                                            | ╨Ъ╤А╨╕╤Б╤В╨╕╨░╨╜ ╨Ф╨░╤А╨╕, ╨н╨╝╨╕╨╗╨╕╨░╨╜ ╨С╨░╨╗╨░╨╜╨╡╤Б╨║╤Г                                                                                      |                       | ╨Т╨╕╨╗╤М╤П╨╝╤Б               |     0 |      0 |                | 2000 |            |
| 25 | MySQL 5                                                                                                                                                         | ╨Ъ╤Г╨╖╨╜╨╡╤Ж╨╛╨▓ ╨Ь╨░╨║╤Б╨╕╨╝ ╨Т╨░╨╗╨╡╤А╤М╨╡╨▓╨╕╤З                                                                                            |                       | BHV-╨б╨Я╨▒               |     0 |      0 |                | 2010 |            |
| 26 | MySQL. ╨Ю╨┐╤В╨╕╨╝╨╕╨╖╨░╤Ж╨╕╤П ╨┐╤А╨╛╨╕╨╖╨▓╨╛╨┤╨╕╤В╨╡╨╗╤М╨╜╨╛╤Б╤В╨╕, 2-╨╡ ╨╕╨╖╨┤╨░╨╜╨╕╨╡ (╤Д╨░╨╣╨╗ PDF)                                                                                                   | ╨С. ╨и╨▓╨░╤А╤Ж, ╨Я. ╨Ч╨░╨╣╤Ж╨╡╨▓                                                                                                   |                       | ╨б╨╕╨╝╨▓╨╛╨╗-╨Я╨╗╤О╤Б           |     0 |   8093 |                | 2010 |            |
| 27 | AJAX ╨╕ PHP. ╨а╨░╨╖╤А╨░╨▒╨╛╤В╨║╨░ ╨┤╨╕╨╜╨░╨╝╨╕╤З╨╡╤Б╨║╨╕╤Е ╨▓╨╡╨▒-╨┐╤А╨╕╨╗╨╛╨╢╨╡╨╜╨╕╨╣                                                                                                              | ╨Ъ╤А╨╕╤Б╤В╨╕╨░╨╜ ╨Ф╨░╤А╨╕, ╨С╨╛╨│╨┤╨░╨╜ ╨С╤А╨╕╨╜╨╖╨░╤А╨╡, ╨д╨╕╨╗╨╕╨┐╨┐ ╨з╨╡╤А╤З╨╡╨╖-╨в╨╛╨╖╨░, ╨Ь╨╕╤Е╨░╨╣ ╨С╤Г╤Б╨╕╨║╨░                                                      | 5-93286-077-4336      | ╨б╨╕╨╝╨▓╨╛╨╗-╨Я╨╗╤О╤Б           |   336 |    300 | ╨╝╤П╨│╨║╨░╤П         | 2006 |            |
| 28 | PHP ╨╕ MySQL. ╨Ш╤Б╤З╨╡╤А╨┐╤Л╨▓╨░╤О╤Й╨╡╨╡ ╤А╤Г╨║╨╛╨▓╨╛╨┤╤Б╤В╨▓╨╛. 2-╨╡ ╨╕╨╖╨┤.                                                                                                                | ╨Ь╨░╨║╨╗╨░╤Д╨╗╨╕╨╜ ╨С                                                                                                           | 978-5-496-01049-8544  | ╨Я╨╕╤В╨╡╤А                 |   544 |    704 | ╨╝╤П╨│╨║╨░╤П         | 2014 |            |
| 29 | PHP 7                                                                                                                                                           | ╨Ф╨╝╨╕╤В╤А╨╕╨╣ ╨Ъ╨╛╤В╨╡╤А╨╛╨▓                                                                                                       | 978-5-9775-0315-01104 | BHV-╨б╨Я╨▒               |  1104 |   1130 | ╤В╨▓╤С╤А╨┤╨░╤П        | 2008 |            |
| 30 | PHP. ╨Ю╨▒╤К╨╡╨║╤В╤Л, ╤И╨░╨▒╨╗╨╛╨╜╤Л ╨╕ ╨╝╨╡╤В╨╛╨┤╨╕╨║╨╕ ╨┐╤А╨╛╨│╤А╨░╨╝╨╝╨╕╤А╨╛╨▓╨░╨╜╨╕╤П                                                                                                               | ╨Ь╤Н╤В ╨Ч╨░╨╜╨┤╤Б╤В╤А╨░                                                                                                          | 978-5-8459-1689-1560  | ╨Т╨╕╨╗╤М╤П╨╝╤Б               |   560 |     61 | ╤В╨▓╤С╤А╨┤╨░╤П        | 2010 |            |
+----+-----------------------------------------------------------------------------------------------------------------------------------------------------------------+-----------------------------------------------------------------------------------------------------------------------+-----------------------+-----------------------+-------+--------+----------------+------+------------+
30 rows in set (0.00 sec)

mysql> SELECT * FROM store;
+---------------+----------+-------+----------+
| order_idorder | books_id | price | quantity |
+---------------+----------+-------+----------+
|             1 |        1 |   980 |        2 |
|             1 |       15 |   980 |        2 |
|             1 |       16 |   500 |        1 |
|             1 |       17 |   500 |        1 |
|             2 |        1 |   980 |        1 |
|             2 |        2 |   435 |        1 |
|             2 |        4 |   600 |        1 |
|             2 |       30 |   345 |        1 |
|             4 |        6 |   600 |        1 |
|             5 |       20 |   780 |        1 |
|             5 |       26 |  1000 |        1 |
|             6 |        4 |  1200 |        1 |
|             6 |        5 |  1119 |        1 |
+---------------+----------+-------+----------+
13 rows in set (0.00 sec)

mysql> ^C
mysql> SHOW VARIABLES LIKE '%scheduler%';
ERROR 2006 (HY000): MySQL server has gone away
No connection. Trying to reconnect...
Connection id:    17
Current database: bookshop

+-----------------+-------+
| Variable_name   | Value |
+-----------------+-------+
| event_scheduler | OFF   |
+-----------------+-------+
1 row in set, 1 warning (0.06 sec)

mysql> SET GLOBAL event_scheduler = 1;
ERROR 2013 (HY000): Lost connection to MySQL server during query
mysql> SET GLOBAL event_scheduler = 1;
ERROR 2006 (HY000): MySQL server has gone away
No connection. Trying to reconnect...
Connection id:    18
Current database: bookshop

Query OK, 0 rows affected (0.04 sec)

mysql> SHOW VARIABLES LIKE '%scheduler%';
+-----------------+-------+
| Variable_name   | Value |
+-----------------+-------+
| event_scheduler | ON    |
+-----------------+-------+
1 row in set, 1 warning (0.00 sec)

mysql> CREATE TABLE tb5 (     id INT PRIMARY KEY AUTO_INCREMENT,     price FLOAT(5,2) ); INSERT INTO tb5 VALUES (NULL, 345.2) (NULL, 134.8) (NULL, 281.5)
ERROR 2006 (HY000): MySQL server has gone away
No connection. Trying to reconnect...
Connection id:    20
Current database: bookshop

Query OK, 0 rows affected (0.06 sec)

    -> CREATE TABLE tb5 (     id INT PRIMARY KEY AUTO_INCREMENT,     price FLOAT(5,2) ); INSERT INTO tb5 VALUES (NULL, 345.2) (NULL, 134.8) (NULL, 281.5)
ERROR 1064 (42000): You have an error in your SQL syntax; check the manual that corresponds to your MySQL server version for the right syntax to use near '(NULL, 134.8) (NULL, 281.5)
CREATE TABLE tb5 (     id INT PRIMARY KEY AUTO_INCRE' at line 1
    -> CREATE TABLE tb5 (     id INT PRIMARY KEY AUTO_INCREMENT,     price FLOAT(5,2) ); INSERT INTO tb5 VALUES (NULL, 345.2), (NULL, 134.8), (NULL, 281.5);
ERROR 2013 (HY000): Lost connection to MySQL server during query
ERROR 2006 (HY000): MySQL server has gone away
No connection. Trying to reconnect...
Connection id:    21
Current database: bookshop

Query OK, 3 rows affected (0.04 sec)
Records: 3  Duplicates: 0  Warnings: 0

mysql> SELECT * FROM tb5;
ERROR 2013 (HY000): Lost connection to MySQL server during query
mysql> SELECT * FROM tb5;
ERROR 2006 (HY000): MySQL server has gone away
No connection. Trying to reconnect...
Connection id:    22
Current database: bookshop

+----+--------+
| id | price  |
+----+--------+
|  1 | 345.20 |
|  2 | 134.80 |
|  3 | 281.50 |
+----+--------+
3 rows in set (0.04 sec)

mysql> SHOW TABLES;
ERROR 2013 (HY000): Lost connection to MySQL server during query
mysql> SHOW TABLES;
ERROR 2006 (HY000): MySQL server has gone away
No connection. Trying to reconnect...
Connection id:    23
Current database: bookshop

+--------------------+
| Tables_in_bookshop |
+--------------------+
| books              |
| consumer           |
| order              |
| store              |
| tb5                |
+--------------------+
5 rows in set (0.04 sec)

mysql> DROP TABLE tb5;
Query OK, 0 rows affected (0.02 sec)

mysql> SHOW TABLES;
+--------------------+
| Tables_in_bookshop |
+--------------------+
| books              |
| consumer           |
| order              |
| store              |
+--------------------+
4 rows in set (0.00 sec)

mysql> EXIT
mysql> SHOW DATABASES;
ERROR 2013 (HY000): Lost connection to MySQL server during query
mysql> 
mysql> SHOW DATABASES;
ERROR 2006 (HY000): MySQL server has gone away
No connection. Trying to reconnect...
Connection id:    25
Current database: *** NONE ***

+--------------------+
| Database           |
+--------------------+
| information_schema |
| bookshop           |
| eshop              |
| mydb1              |
| mysql              |
| performance_schema |
| sys                |
| wall               |
| wordpress          |
+--------------------+
9 rows in set (0.05 sec)

mysql> CREATE TABLE tb5 (     id INT PRIMARY KEY AUTO_INCREMENT,     price FLOAT(5,2) ); INSERT INTO tb5 VALUES (NULL, 345.2), (NULL, 134.8), (NULL, 281.5);
ERROR 1046 (3D000): No database selected
ERROR 1046 (3D000): No database selected
mysql> CREATE TABLE tb5 (     id INT PRIMARY KEY AUTO_INCREMENT,     price FLOAT(5,2) ); INSERT INTO tb5 VALUES (NULL, 345.2), (NULL, 134.8), (NULL, 281.5);
ERROR 1046 (3D000): No database selected
ERROR 1046 (3D000): No database selected
mysql> USE eshop;
No connection. Trying to reconnect...
Connection id:    26
Current database: *** NONE ***

Database changed
mysql> SHOW TABLES;
+-----------------+
| Tables_in_eshop |
+-----------------+
| book            |
| item            |
| order           |
+-----------------+
3 rows in set (0.00 sec)

mysql> USE mydb1;
Database changed
mysql> SHOW TABLES;
+-----------------+
| Tables_in_mydb1 |
+-----------------+
| tb1             |
| tb2             |
| tb3             |
+-----------------+
3 rows in set (0.00 sec)

mysql> CREATE TABLE tb5 (     id INT PRIMARY KEY AUTO_INCREMENT,     price FLOAT(5,2) ); INSERT INTO tb5 VALUES (NULL, 345.2), (NULL, 134.8), (NULL, 281.5);
Query OK, 0 rows affected (0.02 sec)

Query OK, 3 rows affected (0.00 sec)
Records: 3  Duplicates: 0  Warnings: 0

mysql> SHOW TABLES;
+-----------------+
| Tables_in_mydb1 |
+-----------------+
| tb1             |
| tb2             |
| tb3             |
| tb5             |
+-----------------+
4 rows in set (0.00 sec)

mysql> CREATE EVENT inflation ON SCHEDULE AT CURRENT CURRENT_TIMESTAMP DO UPDATE tb5 SET price = price * 1.12
    -> ^C
mysql> SELECT * FROM tb5;
ERROR 2006 (HY000): MySQL server has gone away
No connection. Trying to reconnect...
Connection id:    27
Current database: mydb1

+----+--------+
| id | price  |
+----+--------+
|  1 | 345.20 |
|  2 | 134.80 |
|  3 | 281.50 |
+----+--------+
3 rows in set (0.04 sec)

mysql> CREATE EVENT inflation ON SCHEDULE AT CURRENT CURRENT_TIMESTAMP DO UPDATE tb5 SET price = price * 1.12
    -> SHOW TABLES;
ERROR 1064 (42000): You have an error in your SQL syntax; check the manual that corresponds to your MySQL server version for the right syntax to use near 'CURRENT_TIMESTAMP DO UPDATE tb5 SET price = price * 1.12
SHOW TABLES' at line 1
mysql> CREATE EVENT inflation ON SCHEDULE AT CURRENT CURRENT_TIMESTAMP DO UPDATE tb5 SET price = price * 1.12;
ERROR 1064 (42000): You have an error in your SQL syntax; check the manual that corresponds to your MySQL server version for the right syntax to use near 'CURRENT_TIMESTAMP DO UPDATE tb5 SET price = price * 1.12' at line 1
mysql> CREATE EVENT inflation ON SCHEDULE AT CURRENT CURRENT_TIMESTAMP DO UPDATE tb5 SET price = price * 1.12;
ERROR 1064 (42000): You have an error in your SQL syntax; check the manual that corresponds to your MySQL server version for the right syntax to use near 'CURRENT_TIMESTAMP DO UPDATE tb5 SET price = price * 1.12' at line 1
mysql> CREATE EVENT inflation ON SCHEDULE AT CURRENT_TIMESTAMP DO UPDATE tb5 SET price = price * 1.12; SELECT * FROM tb5;
ERROR 2013 (HY000): Lost connection to MySQL server during query
ERROR 2006 (HY000): MySQL server has gone away
No connection. Trying to reconnect...
Connection id:    28
Current database: mydb1

+----+--------+
| id | price  |
+----+--------+
|  1 | 345.20 |
|  2 | 134.80 |
|  3 | 281.50 |
+----+--------+
3 rows in set (0.03 sec)

mysql> CREATE EVENT inflation ON SCHEDULE AT CURRENT_TIMESTAMP DO UPDATE tb5 SET price = price * 1.12; SELECT * FROM tb5;
Query OK, 0 rows affected (0.01 sec)

+----+--------+
| id | price  |
+----+--------+
|  1 | 345.20 |
|  2 | 134.80 |
|  3 | 281.50 |
+----+--------+
3 rows in set (0.00 sec)

mysql> CREATE EVENT inflation ON SCHEDULE AT CURRENT_TIMESTAMP DO UPDATE tb5 SET price = price * 1.12;
Query OK, 0 rows affected (0.00 sec)

mysql> SELECT * FROM tb5;
+----+--------+
| id | price  |
+----+--------+
|  1 | 433.01 |
|  2 | 169.10 |
|  3 | 353.11 |
+----+--------+
3 rows in set (0.00 sec)

mysql> CREATE EVENT inflation ON SCHEDULE AT CURRENT_TIMESTAMP + INTARVEL 20 SECOND DO UPDATE tb5 SET price = price * 1.12; SELECT * FROM tb5;
ERROR 2006 (HY000): MySQL server has gone away
No connection. Trying to reconnect...
Connection id:    31
Current database: mydb1

ERROR 1064 (42000): You have an error in your SQL syntax; check the manual that corresponds to your MySQL server version for the right syntax to use near '20 SECOND DO UPDATE tb5 SET price = price * 1.12' at line 1
+----+--------+
| id | price  |
+----+--------+
|  1 | 433.01 |
|  2 | 169.10 |
|  3 | 353.11 |
+----+--------+
3 rows in set (0.00 sec)

mysql> SELECT * FROM tb5;
+----+--------+
| id | price  |
+----+--------+
|  1 | 433.01 |
|  2 | 169.10 |
|  3 | 353.11 |
+----+--------+
3 rows in set (0.00 sec)

mysql> CREATE EVENT inflation ON SCHEDULE AT CURRENT_TIMESTAMP + INTARVAL 20 SECOND DO UPDATE tb5 SET price = price * 1.12;
ERROR 1064 (42000): You have an error in your SQL syntax; check the manual that corresponds to your MySQL server version for the right syntax to use near '20 SECOND DO UPDATE tb5 SET price = price * 1.12' at line 1
mysql> CREATE EVENT inflation ON SCHEDULE AT CURRENT_TIMESTAMP + INTERVAL 20 SECOND DO UPDATE tb5 SET price = price * 1.12;
Query OK, 0 rows affected (0.01 sec)

mysql> SELECT * FROM tb5;
+----+--------+
| id | price  |
+----+--------+
|  1 | 433.01 |
|  2 | 169.10 |
|  3 | 353.11 |
+----+--------+
3 rows in set (0.00 sec)

mysql> SELECT * FROM tb5;
+----+--------+
| id | price  |
+----+--------+
|  1 | 433.01 |
|  2 | 169.10 |
|  3 | 353.11 |
+----+--------+
3 rows in set (0.00 sec)

mysql> SELECT * FROM tb5;
+----+--------+
| id | price  |
+----+--------+
|  1 | 433.01 |
|  2 | 169.10 |
|  3 | 353.11 |
+----+--------+
3 rows in set (0.00 sec)

mysql> SELECT * FROM tb5;
+----+--------+
| id | price  |
+----+--------+
|  1 | 484.97 |
|  2 | 189.39 |
|  3 | 395.48 |
+----+--------+
3 rows in set (0.00 sec)

mysql> CREATE EVENT inflation ON SCHEDULE AT CURRENT_TIMESTAMP EVERY 20 SECOND DO UPDATE tb5 SET price = price * 1.12;
ERROR 2013 (HY000): Lost connection to MySQL server during query
mysql> CREATE EVENT inflation ON SCHEDULE AT CURRENT_TIMESTAMP EVERY 20 SECOND DO UPDATE tb5 SET price = price * 1.12;
ERROR 2006 (HY000): MySQL server has gone away
No connection. Trying to reconnect...
Connection id:    33
Current database: mydb1

ERROR 1064 (42000): You have an error in your SQL syntax; check the manual that corresponds to your MySQL server version for the right syntax to use near 'EVERY 20 SECOND DO UPDATE tb5 SET price = price * 1.12' at line 1
mysql> DROP EVENT IF EXISTS inflation CREATE EVENT inflation ON SCHEDULE EVERY 10 SECOND DO UPDATE tb5 SET price = price * 1.12;
ERROR 2013 (HY000): Lost connection to MySQL server during query
mysql> DROP EVENT IF EXISTS inflation CREATE EVENT inflation ON SCHEDULE EVERY 10 SECOND DO UPDATE tb5 SET price = price * 1.12;
ERROR 2006 (HY000): MySQL server has gone away
No connection. Trying to reconnect...
Connection id:    34
Current database: mydb1

ERROR 1064 (42000): You have an error in your SQL syntax; check the manual that corresponds to your MySQL server version for the right syntax to use near 'CREATE EVENT inflation ON SCHEDULE EVERY 10 SECOND DO UPDATE tb5 SET price = pri' at line 1
mysql> DROP EVENT IF EXISTS inflation; CREATE EVENT inflation ON SCHEDULE EVERY 10 SECOND DO UPDATE tb5 SET price = price * 1.12;
ERROR 2013 (HY000): Lost connection to MySQL server during query
ERROR 2006 (HY000): MySQL server has gone away
No connection. Trying to reconnect...
Connection id:    35
Current database: mydb1

Query OK, 0 rows affected (0.03 sec)

mysql> SELECT * FROM tb5;
+----+--------+
| id | price  |
+----+--------+
|  1 | 543.17 |
|  2 | 212.12 |
|  3 | 442.94 |
+----+--------+
3 rows in set (0.00 sec)

mysql> SELECT * FROM tb5;
+----+--------+
| id | price  |
+----+--------+
|  1 | 543.17 |
|  2 | 212.12 |
|  3 | 442.94 |
+----+--------+
3 rows in set (0.00 sec)

mysql> SELECT * FROM tb5;
+----+--------+
| id | price  |
+----+--------+
|  1 | 608.35 |
|  2 | 237.57 |
|  3 | 496.09 |
+----+--------+
3 rows in set (0.00 sec)

mysql> SELECT * FROM tb5;
+----+--------+
| id | price  |
+----+--------+
|  1 | 681.35 |
|  2 | 266.08 |
|  3 | 555.62 |
+----+--------+
3 rows in set (0.00 sec)

mysql> SELECT * FROM tb5;
+----+--------+
| id | price  |
+----+--------+
|  1 | 681.35 |
|  2 | 266.08 |
|  3 | 555.62 |
+----+--------+
3 rows in set (0.00 sec)

mysql> show tables;
ERROR 2006 (HY000): MySQL server has gone away
No connection. Trying to reconnect...
Connection id:    176
Current database: mydb1

+-----------------+
| Tables_in_mydb1 |
+-----------------+
| tb1             |
| tb2             |
| tb3             |
| tb5             |
+-----------------+
4 rows in set (0.04 sec)

mysql> CREATE DATABASE IF NOT EXISTS pcshop; USE pcshop; CREATE TABLE category(     idcategory INT PRIMARY KEY AUTO_INCREMENT,     name VARCHAR(20) ); CREATE TABLE goods(     idgoods INT PRIMARY KEY AUTO_INCREMENT,     category_idcategory INT,     title VARCHAR(20),     INDEX ixcat(category_idcategory),     FOREIGN KEY (category_idcategory)         REFERENCES category (idcategory)     ON DELETE CASCADE );
ERROR 2013 (HY000): Lost connection to MySQL server during query
No connection. Trying to reconnect...
Connection id:    180
Current database: *** NONE ***

ERROR 1049 (42000): Unknown database 'pcshop'
ERROR 1046 (3D000): No database selected
ERROR 1046 (3D000): No database selected
mysql> CREATE DATABASE IF NOT EXISTS pcshop; USE pcshop; CREATE TABLE category(     idcategory INT PRIMARY KEY AUTO_INCREMENT,     name VARCHAR(20) ); CREATE TABLE goods(     idgoods INT PRIMARY KEY AUTO_INCREMENT,     category_idcategory INT,     title VARCHAR(20),     INDEX ixcat(category_idcategory),     FOREIGN KEY (category_idcategory)         REFERENCES category (idcategory)     ON DELETE CASCADE );
Query OK, 1 row affected (0.01 sec)

Database changed
Query OK, 0 rows affected (0.02 sec)

Query OK, 0 rows affected (0.03 sec)

mysql> SHOW DATABASES;
+--------------------+
| Database           |
+--------------------+
| information_schema |
| bookshop           |
| eshop              |
| mydb1              |
| mysql              |
| pcshop             |
| performance_schema |
| sys                |
| wall               |
| wordpress          |
+--------------------+
10 rows in set (0.00 sec)

mysql> USE pschop
ERROR 1049 (42000): Unknown database 'pschop'
mysql> USE pschop;
ERROR 1049 (42000): Unknown database 'pschop'
mysql> USE pcshop;
Database changed
mysql> show tables;
+------------------+
| Tables_in_pcshop |
+------------------+
| category         |
| goods            |
+------------------+
2 rows in set (0.00 sec)

mysql> desc category;
+------------+-------------+------+-----+---------+----------------+
| Field      | Type        | Null | Key | Default | Extra          |
+------------+-------------+------+-----+---------+----------------+
| idcategory | int(11)     | NO   | PRI | NULL    | auto_increment |
| name       | varchar(20) | YES  |     | NULL    |                |
+------------+-------------+------+-----+---------+----------------+
2 rows in set (0.01 sec)

mysql> desc goods
    -> ^C
mysql> desc goods;
+---------------------+-------------+------+-----+---------+----------------+
| Field               | Type        | Null | Key | Default | Extra          |
+---------------------+-------------+------+-----+---------+----------------+
| idgoods             | int(11)     | NO   | PRI | NULL    | auto_increment |
| category_idcategory | int(11)     | YES  | MUL | NULL    |                |
| title               | varchar(20) | YES  |     | NULL    |                |
+---------------------+-------------+------+-----+---------+----------------+
3 rows in set (0.00 sec)

mysql> INSERT INTO category (name) VALUES ('╨╝╨╛╨╜╨╕╤В╨╛╤А╤Л'), ('╨║╨╗╨░╨▓╨╕╨░╤В╤Г╤А╤Л'), ('╨╝╤Л╤И╨╕'); INSERT INTO goods (category_idcategory, title) VALUES (1, 'Philips'), (1, 'Samsung'), (2, 'Genius'), (3, 'Genius'), (3, 'LG'), (3, 'Logitech');
ERROR 2006 (HY000): MySQL server has gone away
No connection. Trying to reconnect...
Connection id:    208
Current database: pcshop

Query OK, 3 rows affected (0.05 sec)
Records: 3  Duplicates: 0  Warnings: 0

Query OK, 6 rows affected (0.00 sec)
Records: 6  Duplicates: 0  Warnings: 0

mysql> ^C
mysql> SELECT * FROM category, goods;
ERROR 2013 (HY000): Lost connection to MySQL server during query
mysql> SELECT * FROM category, goods;
ERROR 2006 (HY000): MySQL server has gone away
No connection. Trying to reconnect...
Connection id:    219
Current database: pcshop

+------------+----------------------+---------+---------------------+----------+
| idcategory | name                 | idgoods | category_idcategory | title    |
+------------+----------------------+---------+---------------------+----------+
|          1 | ╨╝╨╛╨╜╨╕╤В╨╛╤А╤Л             |       1 |                   1 | Philips  |
|          2 | ╨║╨╗╨░╨▓╨╕╨░╤В╤Г╤А╤Л           |       1 |                   1 | Philips  |
|          3 | ╨╝╤Л╤И╨╕                 |       1 |                   1 | Philips  |
|          1 | ╨╝╨╛╨╜╨╕╤В╨╛╤А╤Л             |       2 |                   1 | Samsung  |
|          2 | ╨║╨╗╨░╨▓╨╕╨░╤В╤Г╤А╤Л           |       2 |                   1 | Samsung  |
|          3 | ╨╝╤Л╤И╨╕                 |       2 |                   1 | Samsung  |
|          1 | ╨╝╨╛╨╜╨╕╤В╨╛╤А╤Л             |       3 |                   2 | Genius   |
|          2 | ╨║╨╗╨░╨▓╨╕╨░╤В╤Г╤А╤Л           |       3 |                   2 | Genius   |
|          3 | ╨╝╤Л╤И╨╕                 |       3 |                   2 | Genius   |
|          1 | ╨╝╨╛╨╜╨╕╤В╨╛╤А╤Л             |       4 |                   3 | Genius   |
|          2 | ╨║╨╗╨░╨▓╨╕╨░╤В╤Г╤А╤Л           |       4 |                   3 | Genius   |
|          3 | ╨╝╤Л╤И╨╕                 |       4 |                   3 | Genius   |
|          1 | ╨╝╨╛╨╜╨╕╤В╨╛╤А╤Л             |       5 |                   3 | LG       |
|          2 | ╨║╨╗╨░╨▓╨╕╨░╤В╤Г╤А╤Л           |       5 |                   3 | LG       |
|          3 | ╨╝╤Л╤И╨╕                 |       5 |                   3 | LG       |
|          1 | ╨╝╨╛╨╜╨╕╤В╨╛╤А╤Л             |       6 |                   3 | Logitech |
|          2 | ╨║╨╗╨░╨▓╨╕╨░╤В╤Г╤А╤Л           |       6 |                   3 | Logitech |
|          3 | ╨╝╤Л╤И╨╕                 |       6 |                   3 | Logitech |
+------------+----------------------+---------+---------------------+----------+
18 rows in set (0.07 sec)

mysql> WHERE idcategory = category_idcategory;
ERROR 2013 (HY000): Lost connection to MySQL server during query
mysql> WHERE idcategory = category_idcategory;
ERROR 2006 (HY000): MySQL server has gone away
No connection. Trying to reconnect...
Connection id:    227
Current database: pcshop

ERROR 1064 (42000): You have an error in your SQL syntax; check the manual that corresponds to your MySQL server version for the right syntax to use near 'WHERE idcategory = category_idcategory' at line 1
mysql> WHERE idcategory = category_idcategory;
ERROR 1064 (42000): You have an error in your SQL syntax; check the manual that corresponds to your MySQL server version for the right syntax to use near 'WHERE idcategory = category_idcategory' at line 1
mysql> SELECT name as ╨Ъ╨░╤В╨╡╨│╨╛╤А╨╕╤П, title as ╨в╨╛╨▓╨░╤А FROM category, idgoods WHERE idcategory = category_idcategory;
ERROR 2013 (HY000): Lost connection to MySQL server during query
mysql> SELECT name as ╨Ъ╨░╤В╨╡╨│╨╛╤А╨╕╤П, title as ╨в╨╛╨▓╨░╤А FROM category, idgoods WHERE idcategory = category_idcategory;
ERROR 2006 (HY000): MySQL server has gone away
No connection. Trying to reconnect...
Connection id:    241
Current database: pcshop

ERROR 1146 (42S02): Table 'pcshop.idgoods' doesn't exist
mysql> SELECT name as ╨Ъ╨░╤В╨╡╨│╨╛╤А╨╕╤П, title as ╨в╨╛╨▓╨░╤А FROM category, goods WHERE idcategory = category_idcategory;
ERROR 2013 (HY000): Lost connection to MySQL server during query
mysql> SELECT name as ╨Ъ╨░╤В╨╡╨│╨╛╤А╨╕╤П, title as ╨в╨╛╨▓╨░╤А FROM category, goods WHERE idcategory = category_idcategory;
ERROR 2006 (HY000): MySQL server has gone away
No connection. Trying to reconnect...
Connection id:    245
Current database: pcshop

+----------------------+------------+
| ╨Ъ╨░╤В╨╡╨│╨╛╤А╨╕╤П            | ╨в╨╛╨▓╨░╤А      |
+----------------------+------------+
| ╨╝╨╛╨╜╨╕╤В╨╛╤А╤Л             | Philips    |
| ╨╝╨╛╨╜╨╕╤В╨╛╤А╤Л             | Samsung    |
| ╨║╨╗╨░╨▓╨╕╨░╤В╤Г╤А╤Л           | Genius     |
| ╨╝╤Л╤И╨╕                 | Genius     |
| ╨╝╤Л╤И╨╕                 | LG         |
| ╨╝╤Л╤И╨╕                 | Logitech   |
+----------------------+------------+
6 rows in set (0.04 sec)

mysql> 
mysql> SELECT * FROM tb1;
ERROR 2006 (HY000): MySQL server has gone away
No connection. Trying to reconnect...
Connection id:    286
Current database: pcshop

ERROR 1146 (42S02): Table 'pcshop.tb1' doesn't exist
mysql> SELECT * FROM tb1;
ERROR 1146 (42S02): Table 'pcshop.tb1' doesn't exist
mysql> ^C
mysql> ^C
mysql> SHOW DATABASES;
+--------------------+
| Database           |
+--------------------+
| information_schema |
| bookshop           |
| eshop              |
| mydb1              |
| mysql              |
| pcshop             |
| performance_schema |
| sys                |
| wall               |
| wordpress          |
+--------------------+
10 rows in set (0.00 sec)

mysql> USE mydb1;
Database changed
mysql> show tablees;
ERROR 1064 (42000): You have an error in your SQL syntax; check the manual that corresponds to your MySQL server version for the right syntax to use near 'tablees' at line 1
mysql> show tables;
+-----------------+
| Tables_in_mydb1 |
+-----------------+
| tb1             |
| tb2             |
| tb3             |
| tb5             |
+-----------------+
4 rows in set (0.00 sec)

mysql> SELECT idtb1, title, dtime FROM tb1 ORDER BY title;
ERROR 2013 (HY000): Lost connection to MySQL server during query
mysql> SELECT idtb1, title, dtime FROM tb1 ORDER BY title;
ERROR 2006 (HY000): MySQL server has gone away
No connection. Trying to reconnect...
Connection id:    302
Current database: mydb1

+-------+----------------------------+---------------------+
| idtb1 | title                      | dtime               |
+-------+----------------------------+---------------------+
|    24 | JavaScript 2015            | 2016-12-09 10:42:46 |
|    29 | jQuery                     | 2018-06-19 15:42:29 |
|    25 | MySQL                      | 2018-06-19 15:36:09 |
|    23 | PHP7                       | 2018-06-19 15:29:16 |
|    30 | Pixi js                    | 2018-06-19 15:42:29 |
|    50 | ╨Ъ╤Г╨╗╨╕╨╜╨░╤А╨╕╤П                  | 2018-06-19 15:49:53 |
|    51 | ╨Я╨╕╤А╨╛╨│╨╛╨▓╨╡╨┤╨╡╨╜╨╕╨╡              | 2018-06-19 15:49:53 |
+-------+----------------------------+---------------------+
7 rows in set (0.05 sec)

mysql> INSERT INTO tb1(title, description, dtime) VALUES ('╨Ъ╤Г╨╗╨╕╨╜╨░╤А╨╕╤П','╤Д╨░╨╜╤В╨░╤Б╤В╨╕╨║╨░','2016-10-11 12:59:17
    '> 
    '> ^C
mysql> INSERT INTO tb1(title, description, dtime) VALUES ('╨Ъ╤Г╨╗╨╕╨╜╨░╤А╨╕╤П','╤Д╨░╨╜╤В╨░╤Б╤В╨╕╨║╨░','2016-10-11 12:59:17');
ERROR 2006 (HY000): MySQL server has gone away
No connection. Trying to reconnect...
Connection id:    360
Current database: mydb1

Query OK, 1 row affected (0.04 sec)

mysql> show tables;
ERROR 2013 (HY000): Lost connection to MySQL server during query
mysql> show tables;
ERROR 2006 (HY000): MySQL server has gone away
No connection. Trying to reconnect...
Connection id:    365
Current database: mydb1

+-----------------+
| Tables_in_mydb1 |
+-----------------+
| tb1             |
| tb2             |
| tb3             |
| tb5             |
+-----------------+
4 rows in set (0.04 sec)

mysql>  SELECT idtb1, title, dtime FROM tb1 ORDER BY title DESC, dtime;
ERROR 2006 (HY000): MySQL server has gone away
No connection. Trying to reconnect...
Connection id:    396
Current database: mydb1

+-------+----------------------------+---------------------+
| idtb1 | title                      | dtime               |
+-------+----------------------------+---------------------+
|    51 | ╨Я╨╕╤А╨╛╨│╨╛╨▓╨╡╨┤╨╡╨╜╨╕╨╡              | 2018-06-19 15:49:53 |
|    52 | ╨Ъ╤Г╨╗╨╕╨╜╨░╤А╨╕╤П                  | 2016-10-11 12:59:17 |
|    50 | ╨Ъ╤Г╨╗╨╕╨╜╨░╤А╨╕╤П                  | 2018-06-19 15:49:53 |
|    30 | Pixi js                    | 2018-06-19 15:42:29 |
|    23 | PHP7                       | 2018-06-19 15:29:16 |
|    25 | MySQL                      | 2018-06-19 15:36:09 |
|    29 | jQuery                     | 2018-06-19 15:42:29 |
|    24 | JavaScript 2015            | 2016-12-09 10:42:46 |
+-------+----------------------------+---------------------+
8 rows in set (0.04 sec)

mysql> Terminal close -- exit!
